------------------------------------------------------------
Timing Analyzer Summary
------------------------------------------------------------

Type  : Slow 1100mV 85C Model Setup 'clk'
Slack : -13.518
TNS   : -126634.215

Type  : Slow 1100mV 85C Model Setup 'VGA_Main_Module:vga|pll:vgapll|toggle'
Slack : -4.044
TNS   : -214.906

Type  : Slow 1100mV 85C Model Hold 'clk'
Slack : 0.366
TNS   : 0.000

Type  : Slow 1100mV 85C Model Hold 'VGA_Main_Module:vga|pll:vgapll|toggle'
Slack : 1.101
TNS   : 0.000

Type  : Slow 1100mV 85C Model Minimum Pulse Width 'clk'
Slack : -2.225
TNS   : -95219.128

Type  : Slow 1100mV 85C Model Minimum Pulse Width 'VGA_Main_Module:vga|pll:vgapll|toggle'
Slack : -2.225
TNS   : -86.670

Type  : Slow 1100mV 0C Model Setup 'clk'
Slack : -13.470
TNS   : -124316.232

Type  : Slow 1100mV 0C Model Setup 'VGA_Main_Module:vga|pll:vgapll|toggle'
Slack : -3.941
TNS   : -212.998

Type  : Slow 1100mV 0C Model Hold 'clk'
Slack : 0.235
TNS   : 0.000

Type  : Slow 1100mV 0C Model Hold 'VGA_Main_Module:vga|pll:vgapll|toggle'
Slack : 0.988
TNS   : 0.000

Type  : Slow 1100mV 0C Model Minimum Pulse Width 'clk'
Slack : -2.225
TNS   : -95012.528

Type  : Slow 1100mV 0C Model Minimum Pulse Width 'VGA_Main_Module:vga|pll:vgapll|toggle'
Slack : -2.225
TNS   : -86.531

Type  : Fast 1100mV 85C Model Setup 'clk'
Slack : -7.351
TNS   : -69945.522

Type  : Fast 1100mV 85C Model Setup 'VGA_Main_Module:vga|pll:vgapll|toggle'
Slack : -1.909
TNS   : -101.233

Type  : Fast 1100mV 85C Model Hold 'clk'
Slack : 0.181
TNS   : 0.000

Type  : Fast 1100mV 85C Model Hold 'VGA_Main_Module:vga|pll:vgapll|toggle'
Slack : 0.518
TNS   : 0.000

Type  : Fast 1100mV 85C Model Minimum Pulse Width 'clk'
Slack : -2.174
TNS   : -96577.245

Type  : Fast 1100mV 85C Model Minimum Pulse Width 'VGA_Main_Module:vga|pll:vgapll|toggle'
Slack : -1.702
TNS   : -54.464

Type  : Fast 1100mV 0C Model Setup 'clk'
Slack : -6.688
TNS   : -62149.189

Type  : Fast 1100mV 0C Model Setup 'VGA_Main_Module:vga|pll:vgapll|toggle'
Slack : -1.753
TNS   : -89.681

Type  : Fast 1100mV 0C Model Hold 'clk'
Slack : 0.006
TNS   : 0.000

Type  : Fast 1100mV 0C Model Hold 'VGA_Main_Module:vga|pll:vgapll|toggle'
Slack : 0.432
TNS   : 0.000

Type  : Fast 1100mV 0C Model Minimum Pulse Width 'clk'
Slack : -2.174
TNS   : -98139.652

Type  : Fast 1100mV 0C Model Minimum Pulse Width 'VGA_Main_Module:vga|pll:vgapll|toggle'
Slack : -1.702
TNS   : -54.464

------------------------------------------------------------
